CodeVisionAVR C Compiler V1.24.8d Professional
(C) Copyright 1998-2006 Pavel Haiduc, HP InfoTech s.r.l.
http://www.hpinfotech.com

File: E:\Sales\wCK 이해와 RBC 펌웨어 학습\wCK 이해와 RBC 펌웨어 학습(090828)\wCK 이해와 RBC 펌웨어 학습(090828)\Project 모음\3-3 예제프로젝트\cv_exam\src\Main.c
Global variables memory map:

Variable                          Address   Size
F_PLAYING                                                             R2.0    1/8
F_DIRECT_C_EN                                                         R2.1    1/8
gBtnCnt                                                              R4,R5      2
gMSEC                                                                R6,R7      2
gSEC                                                                    R8      1
gMIN                                                                    R9      1
gHOUR                                                                  R10      1
gTx0Buf                                                               500h    186
gTx0Cnt                                                                R11      1
gRx0Cnt                                                                R12      1
gTx0BufIdx                                                             R13      1
gRx0Buf                                                               5BAh      8
gOldRx1Byte                                                            R14      1
gRx1Buf                                                               5C2h     20
gRx1Index                                                             5D6h      1
gRx1Step                                                              5D7h      2
gRx1_DStep                                                            5D9h      2
gFieldIdx                                                             5DBh      2
gFileByteIndex                                                        5DDh      2
gFileCheckSum                                                         5DFh      1
gRxData                                                               5E0h      1
gFrameIdx                                                             5E1h      2
TxInterval                                                            5E3h      2
gUnitD                                                                5E5h    124
*gpT_Table                                                            661h      4
*gpE_Table                                                            665h      4
*gpPg_Table                                                           669h      4
*gpDg_Table                                                           66Dh      4
*gpIg_Table                                                           671h      4
*gpFN_Table                                                           675h      4
*gpRT_Table                                                           679h      4
*gpPos_Table                                                          67Dh      4
Motion.PF                                                             681h      1
Motion.RIdx                                                           682h      1
Motion.AIdx                                                           683h      4
Motion.NumOfScene                                                     687h      2
Motion.NumOfwCK                                                       689h      2
Motion.wCK[0].Exist                                                   68Bh      1
Motion.wCK[0].RPgain                                                  68Ch      1
Motion.wCK[0].RDgain                                                  68Dh      1
Motion.wCK[0].RIgain                                                  68Eh      1
Motion.wCK[0].PortEn                                                  68Fh      1
Motion.wCK[0].InitPos                                                 690h      1
Motion.wCK[1].Exist                                                   691h      1
Motion.wCK[1].RPgain                                                  692h      1
Motion.wCK[1].RDgain                                                  693h      1
Motion.wCK[1].RIgain                                                  694h      1
Motion.wCK[1].PortEn                                                  695h      1
Motion.wCK[1].InitPos                                                 696h      1
Motion.wCK[2].Exist                                                   697h      1
Motion.wCK[2].RPgain                                                  698h      1
Motion.wCK[2].RDgain                                                  699h      1
Motion.wCK[2].RIgain                                                  69Ah      1
Motion.wCK[2].PortEn                                                  69Bh      1
Motion.wCK[2].InitPos                                                 69Ch      1
Motion.wCK[3].Exist                                                   69Dh      1
Motion.wCK[3].RPgain                                                  69Eh      1
Motion.wCK[3].RDgain                                                  69Fh      1
Motion.wCK[3].RIgain                                                  6A0h      1
Motion.wCK[3].PortEn                                                  6A1h      1
Motion.wCK[3].InitPos                                                 6A2h      1
Motion.wCK[4].Exist                                                   6A3h      1
Motion.wCK[4].RPgain                                                  6A4h      1
Motion.wCK[4].RDgain                                                  6A5h      1
Motion.wCK[4].RIgain                                                  6A6h      1
Motion.wCK[4].PortEn                                                  6A7h      1
Motion.wCK[4].InitPos                                                 6A8h      1
Motion.wCK[5].Exist                                                   6A9h      1
Motion.wCK[5].RPgain                                                  6AAh      1
Motion.wCK[5].RDgain                                                  6ABh      1
Motion.wCK[5].RIgain                                                  6ACh      1
Motion.wCK[5].PortEn                                                  6ADh      1
Motion.wCK[5].InitPos                                                 6AEh      1
Motion.wCK[6].Exist                                                   6AFh      1
Motion.wCK[6].RPgain                                                  6B0h      1
Motion.wCK[6].RDgain                                                  6B1h      1
Motion.wCK[6].RIgain                                                  6B2h      1
Motion.wCK[6].PortEn                                                  6B3h      1
Motion.wCK[6].InitPos                                                 6B4h      1
Motion.wCK[7].Exist                                                   6B5h      1
Motion.wCK[7].RPgain                                                  6B6h      1
Motion.wCK[7].RDgain                                                  6B7h      1
Motion.wCK[7].RIgain                                                  6B8h      1
Motion.wCK[7].PortEn                                                  6B9h      1
Motion.wCK[7].InitPos                                                 6BAh      1
Motion.wCK[8].Exist                                                   6BBh      1
Motion.wCK[8].RPgain                                                  6BCh      1
Motion.wCK[8].RDgain                                                  6BDh      1
Motion.wCK[8].RIgain                                                  6BEh      1
Motion.wCK[8].PortEn                                                  6BFh      1
Motion.wCK[8].InitPos                                                 6C0h      1
Motion.wCK[9].Exist                                                   6C1h      1
Motion.wCK[9].RPgain                                                  6C2h      1
Motion.wCK[9].RDgain                                                  6C3h      1
Motion.wCK[9].RIgain                                                  6C4h      1
Motion.wCK[9].PortEn                                                  6C5h      1
Motion.wCK[9].InitPos                                                 6C6h      1
Motion.wCK[10].Exist                                                  6C7h      1
Motion.wCK[10].RPgain                                                 6C8h      1
Motion.wCK[10].RDgain                                                 6C9h      1
Motion.wCK[10].RIgain                                                 6CAh      1
Motion.wCK[10].PortEn                                                 6CBh      1
Motion.wCK[10].InitPos                                                6CCh      1
Motion.wCK[11].Exist                                                  6CDh      1
Motion.wCK[11].RPgain                                                 6CEh      1
Motion.wCK[11].RDgain                                                 6CFh      1
Motion.wCK[11].RIgain                                                 6D0h      1
Motion.wCK[11].PortEn                                                 6D1h      1
Motion.wCK[11].InitPos                                                6D2h      1
Motion.wCK[12].Exist                                                  6D3h      1
Motion.wCK[12].RPgain                                                 6D4h      1
Motion.wCK[12].RDgain                                                 6D5h      1
Motion.wCK[12].RIgain                                                 6D6h      1
Motion.wCK[12].PortEn                                                 6D7h      1
Motion.wCK[12].InitPos                                                6D8h      1
Motion.wCK[13].Exist                                                  6D9h      1
Motion.wCK[13].RPgain                                                 6DAh      1
Motion.wCK[13].RDgain                                                 6DBh      1
Motion.wCK[13].RIgain                                                 6DCh      1
Motion.wCK[13].PortEn                                                 6DDh      1
Motion.wCK[13].InitPos                                                6DEh      1
Motion.wCK[14].Exist                                                  6DFh      1
Motion.wCK[14].RPgain                                                 6E0h      1
Motion.wCK[14].RDgain                                                 6E1h      1
Motion.wCK[14].RIgain                                                 6E2h      1
Motion.wCK[14].PortEn                                                 6E3h      1
Motion.wCK[14].InitPos                                                6E4h      1
Motion.wCK[15].Exist                                                  6E5h      1
Motion.wCK[15].RPgain                                                 6E6h      1
Motion.wCK[15].RDgain                                                 6E7h      1
Motion.wCK[15].RIgain                                                 6E8h      1
Motion.wCK[15].PortEn                                                 6E9h      1
Motion.wCK[15].InitPos                                                6EAh      1
Motion.wCK[16].Exist                                                  6EBh      1
Motion.wCK[16].RPgain                                                 6ECh      1
Motion.wCK[16].RDgain                                                 6EDh      1
Motion.wCK[16].RIgain                                                 6EEh      1
Motion.wCK[16].PortEn                                                 6EFh      1
Motion.wCK[16].InitPos                                                6F0h      1
Motion.wCK[17].Exist                                                  6F1h      1
Motion.wCK[17].RPgain                                                 6F2h      1
Motion.wCK[17].RDgain                                                 6F3h      1
Motion.wCK[17].RIgain                                                 6F4h      1
Motion.wCK[17].PortEn                                                 6F5h      1
Motion.wCK[17].InitPos                                                6F6h      1
Motion.wCK[18].Exist                                                  6F7h      1
Motion.wCK[18].RPgain                                                 6F8h      1
Motion.wCK[18].RDgain                                                 6F9h      1
Motion.wCK[18].RIgain                                                 6FAh      1
Motion.wCK[18].PortEn                                                 6FBh      1
Motion.wCK[18].InitPos                                                6FCh      1
Motion.wCK[19].Exist                                                  6FDh      1
Motion.wCK[19].RPgain                                                 6FEh      1
Motion.wCK[19].RDgain                                                 6FFh      1
Motion.wCK[19].RIgain                                                 700h      1
Motion.wCK[19].PortEn                                                 701h      1
Motion.wCK[19].InitPos                                                702h      1
Motion.wCK[20].Exist                                                  703h      1
Motion.wCK[20].RPgain                                                 704h      1
Motion.wCK[20].RDgain                                                 705h      1
Motion.wCK[20].RIgain                                                 706h      1
Motion.wCK[20].PortEn                                                 707h      1
Motion.wCK[20].InitPos                                                708h      1
Motion.wCK[21].Exist                                                  709h      1
Motion.wCK[21].RPgain                                                 70Ah      1
Motion.wCK[21].RDgain                                                 70Bh      1
Motion.wCK[21].RIgain                                                 70Ch      1
Motion.wCK[21].PortEn                                                 70Dh      1
Motion.wCK[21].InitPos                                                70Eh      1
Motion.wCK[22].Exist                                                  70Fh      1
Motion.wCK[22].RPgain                                                 710h      1
Motion.wCK[22].RDgain                                                 711h      1
Motion.wCK[22].RIgain                                                 712h      1
Motion.wCK[22].PortEn                                                 713h      1
Motion.wCK[22].InitPos                                                714h      1
Motion.wCK[23].Exist                                                  715h      1
Motion.wCK[23].RPgain                                                 716h      1
Motion.wCK[23].RDgain                                                 717h      1
Motion.wCK[23].RIgain                                                 718h      1
Motion.wCK[23].PortEn                                                 719h      1
Motion.wCK[23].InitPos                                                71Ah      1
Motion.wCK[24].Exist                                                  71Bh      1
Motion.wCK[24].RPgain                                                 71Ch      1
Motion.wCK[24].RDgain                                                 71Dh      1
Motion.wCK[24].RIgain                                                 71Eh      1
Motion.wCK[24].PortEn                                                 71Fh      1
Motion.wCK[24].InitPos                                                720h      1
Motion.wCK[25].Exist                                                  721h      1
Motion.wCK[25].RPgain                                                 722h      1
Motion.wCK[25].RDgain                                                 723h      1
Motion.wCK[25].RIgain                                                 724h      1
Motion.wCK[25].PortEn                                                 725h      1
Motion.wCK[25].InitPos                                                726h      1
Motion.wCK[26].Exist                                                  727h      1
Motion.wCK[26].RPgain                                                 728h      1
Motion.wCK[26].RDgain                                                 729h      1
Motion.wCK[26].RIgain                                                 72Ah      1
Motion.wCK[26].PortEn                                                 72Bh      1
Motion.wCK[26].InitPos                                                72Ch      1
Motion.wCK[27].Exist                                                  72Dh      1
Motion.wCK[27].RPgain                                                 72Eh      1
Motion.wCK[27].RDgain                                                 72Fh      1
Motion.wCK[27].RIgain                                                 730h      1
Motion.wCK[27].PortEn                                                 731h      1
Motion.wCK[27].InitPos                                                732h      1
Motion.wCK[28].Exist                                                  733h      1
Motion.wCK[28].RPgain                                                 734h      1
Motion.wCK[28].RDgain                                                 735h      1
Motion.wCK[28].RIgain                                                 736h      1
Motion.wCK[28].PortEn                                                 737h      1
Motion.wCK[28].InitPos                                                738h      1
Motion.wCK[29].Exist                                                  739h      1
Motion.wCK[29].RPgain                                                 73Ah      1
Motion.wCK[29].RDgain                                                 73Bh      1
Motion.wCK[29].RIgain                                                 73Ch      1
Motion.wCK[29].PortEn                                                 73Dh      1
Motion.wCK[29].InitPos                                                73Eh      1
Motion.wCK[30].Exist                                                  73Fh      1
Motion.wCK[30].RPgain                                                 740h      1
Motion.wCK[30].RDgain                                                 741h      1
Motion.wCK[30].RIgain                                                 742h      1
Motion.wCK[30].PortEn                                                 743h      1
Motion.wCK[30].InitPos                                                744h      1
Motion.FileSize                                                       745h      2
Scene.Idx                                                             747h      2
Scene.NumOfFrame                                                      749h      2
Scene.RTime                                                           74Bh      2
Scene.wCK[0].Exist                                                    74Dh      1
Scene.wCK[0].SPos                                                     74Eh      1
Scene.wCK[0].DPos                                                     74Fh      1
Scene.wCK[0].Torq                                                     750h      1
Scene.wCK[0].ExPortD                                                  751h      1
Scene.wCK[1].Exist                                                    752h      1
Scene.wCK[1].SPos                                                     753h      1
Scene.wCK[1].DPos                                                     754h      1
Scene.wCK[1].Torq                                                     755h      1
Scene.wCK[1].ExPortD                                                  756h      1
Scene.wCK[2].Exist                                                    757h      1
Scene.wCK[2].SPos                                                     758h      1
Scene.wCK[2].DPos                                                     759h      1
Scene.wCK[2].Torq                                                     75Ah      1
Scene.wCK[2].ExPortD                                                  75Bh      1
Scene.wCK[3].Exist                                                    75Ch      1
Scene.wCK[3].SPos                                                     75Dh      1
Scene.wCK[3].DPos                                                     75Eh      1
Scene.wCK[3].Torq                                                     75Fh      1
Scene.wCK[3].ExPortD                                                  760h      1
Scene.wCK[4].Exist                                                    761h      1
Scene.wCK[4].SPos                                                     762h      1
Scene.wCK[4].DPos                                                     763h      1
Scene.wCK[4].Torq                                                     764h      1
Scene.wCK[4].ExPortD                                                  765h      1
Scene.wCK[5].Exist                                                    766h      1
Scene.wCK[5].SPos                                                     767h      1
Scene.wCK[5].DPos                                                     768h      1
Scene.wCK[5].Torq                                                     769h      1
Scene.wCK[5].ExPortD                                                  76Ah      1
Scene.wCK[6].Exist                                                    76Bh      1
Scene.wCK[6].SPos                                                     76Ch      1
Scene.wCK[6].DPos                                                     76Dh      1
Scene.wCK[6].Torq                                                     76Eh      1
Scene.wCK[6].ExPortD                                                  76Fh      1
Scene.wCK[7].Exist                                                    770h      1
Scene.wCK[7].SPos                                                     771h      1
Scene.wCK[7].DPos                                                     772h      1
Scene.wCK[7].Torq                                                     773h      1
Scene.wCK[7].ExPortD                                                  774h      1
Scene.wCK[8].Exist                                                    775h      1
Scene.wCK[8].SPos                                                     776h      1
Scene.wCK[8].DPos                                                     777h      1
Scene.wCK[8].Torq                                                     778h      1
Scene.wCK[8].ExPortD                                                  779h      1
Scene.wCK[9].Exist                                                    77Ah      1
Scene.wCK[9].SPos                                                     77Bh      1
Scene.wCK[9].DPos                                                     77Ch      1
Scene.wCK[9].Torq                                                     77Dh      1
Scene.wCK[9].ExPortD                                                  77Eh      1
Scene.wCK[10].Exist                                                   77Fh      1
Scene.wCK[10].SPos                                                    780h      1
Scene.wCK[10].DPos                                                    781h      1
Scene.wCK[10].Torq                                                    782h      1
Scene.wCK[10].ExPortD                                                 783h      1
Scene.wCK[11].Exist                                                   784h      1
Scene.wCK[11].SPos                                                    785h      1
Scene.wCK[11].DPos                                                    786h      1
Scene.wCK[11].Torq                                                    787h      1
Scene.wCK[11].ExPortD                                                 788h      1
Scene.wCK[12].Exist                                                   789h      1
Scene.wCK[12].SPos                                                    78Ah      1
Scene.wCK[12].DPos                                                    78Bh      1
Scene.wCK[12].Torq                                                    78Ch      1
Scene.wCK[12].ExPortD                                                 78Dh      1
Scene.wCK[13].Exist                                                   78Eh      1
Scene.wCK[13].SPos                                                    78Fh      1
Scene.wCK[13].DPos                                                    790h      1
Scene.wCK[13].Torq                                                    791h      1
Scene.wCK[13].ExPortD                                                 792h      1
Scene.wCK[14].Exist                                                   793h      1
Scene.wCK[14].SPos                                                    794h      1
Scene.wCK[14].DPos                                                    795h      1
Scene.wCK[14].Torq                                                    796h      1
Scene.wCK[14].ExPortD                                                 797h      1
Scene.wCK[15].Exist                                                   798h      1
Scene.wCK[15].SPos                                                    799h      1
Scene.wCK[15].DPos                                                    79Ah      1
Scene.wCK[15].Torq                                                    79Bh      1
Scene.wCK[15].ExPortD                                                 79Ch      1
Scene.wCK[16].Exist                                                   79Dh      1
Scene.wCK[16].SPos                                                    79Eh      1
Scene.wCK[16].DPos                                                    79Fh      1
Scene.wCK[16].Torq                                                    7A0h      1
Scene.wCK[16].ExPortD                                                 7A1h      1
Scene.wCK[17].Exist                                                   7A2h      1
Scene.wCK[17].SPos                                                    7A3h      1
Scene.wCK[17].DPos                                                    7A4h      1
Scene.wCK[17].Torq                                                    7A5h      1
Scene.wCK[17].ExPortD                                                 7A6h      1
Scene.wCK[18].Exist                                                   7A7h      1
Scene.wCK[18].SPos                                                    7A8h      1
Scene.wCK[18].DPos                                                    7A9h      1
Scene.wCK[18].Torq                                                    7AAh      1
Scene.wCK[18].ExPortD                                                 7ABh      1
Scene.wCK[19].Exist                                                   7ACh      1
Scene.wCK[19].SPos                                                    7ADh      1
Scene.wCK[19].DPos                                                    7AEh      1
Scene.wCK[19].Torq                                                    7AFh      1
Scene.wCK[19].ExPortD                                                 7B0h      1
Scene.wCK[20].Exist                                                   7B1h      1
Scene.wCK[20].SPos                                                    7B2h      1
Scene.wCK[20].DPos                                                    7B3h      1
Scene.wCK[20].Torq                                                    7B4h      1
Scene.wCK[20].ExPortD                                                 7B5h      1
Scene.wCK[21].Exist                                                   7B6h      1
Scene.wCK[21].SPos                                                    7B7h      1
Scene.wCK[21].DPos                                                    7B8h      1
Scene.wCK[21].Torq                                                    7B9h      1
Scene.wCK[21].ExPortD                                                 7BAh      1
Scene.wCK[22].Exist                                                   7BBh      1
Scene.wCK[22].SPos                                                    7BCh      1
Scene.wCK[22].DPos                                                    7BDh      1
Scene.wCK[22].Torq                                                    7BEh      1
Scene.wCK[22].ExPortD                                                 7BFh      1
Scene.wCK[23].Exist                                                   7C0h      1
Scene.wCK[23].SPos                                                    7C1h      1
Scene.wCK[23].DPos                                                    7C2h      1
Scene.wCK[23].Torq                                                    7C3h      1
Scene.wCK[23].ExPortD                                                 7C4h      1
Scene.wCK[24].Exist                                                   7C5h      1
Scene.wCK[24].SPos                                                    7C6h      1
Scene.wCK[24].DPos                                                    7C7h      1
Scene.wCK[24].Torq                                                    7C8h      1
Scene.wCK[24].ExPortD                                                 7C9h      1
Scene.wCK[25].Exist                                                   7CAh      1
Scene.wCK[25].SPos                                                    7CBh      1
Scene.wCK[25].DPos                                                    7CCh      1
Scene.wCK[25].Torq                                                    7CDh      1
Scene.wCK[25].ExPortD                                                 7CEh      1
Scene.wCK[26].Exist                                                   7CFh      1
Scene.wCK[26].SPos                                                    7D0h      1
Scene.wCK[26].DPos                                                    7D1h      1
Scene.wCK[26].Torq                                                    7D2h      1
Scene.wCK[26].ExPortD                                                 7D3h      1
Scene.wCK[27].Exist                                                   7D4h      1
Scene.wCK[27].SPos                                                    7D5h      1
Scene.wCK[27].DPos                                                    7D6h      1
Scene.wCK[27].Torq                                                    7D7h      1
Scene.wCK[27].ExPortD                                                 7D8h      1
Scene.wCK[28].Exist                                                   7D9h      1
Scene.wCK[28].SPos                                                    7DAh      1
Scene.wCK[28].DPos                                                    7DBh      1
Scene.wCK[28].Torq                                                    7DCh      1
Scene.wCK[28].ExPortD                                                 7DDh      1
Scene.wCK[29].Exist                                                   7DEh      1
Scene.wCK[29].SPos                                                    7DFh      1
Scene.wCK[29].DPos                                                    7E0h      1
Scene.wCK[29].Torq                                                    7E1h      1
Scene.wCK[29].ExPortD                                                 7E2h      1
Scene.wCK[30].Exist                                                   7E3h      1
Scene.wCK[30].SPos                                                    7E4h      1
Scene.wCK[30].DPos                                                    7E5h      1
Scene.wCK[30].Torq                                                    7E6h      1
Scene.wCK[30].ExPortD                                                 7E7h      1
gSIdx                                                                 7E8h      2
