CodeVisionAVR C Compiler V1.24.8d Professional
(C) Copyright 1998-2006 Pavel Haiduc, HP InfoTech s.r.l.
http://www.hpinfotech.com

File: E:\Sales\wCK 이해와 RBC 펌웨어 학습\wCK 이해와 RBC 펌웨어 학습(090828)\wCK 이해와 RBC 펌웨어 학습(090828)\Project 모음\3-7 wCK_Parameter\src\main.c
Global variables memory map:

Variable                          Address   Size
F_PLAYING                                                             R2.0    1/8
F_DIRECT_C_EN                                                         R2.1    1/8
gBtnCnt                                                              R4,R5      2
gMSEC                                                                R6,R7      2
gSEC                                                                    R8      1
gMIN                                                                    R9      1
gHOUR                                                                  R10      1
gTx0Buf                                                               500h    186
gTx0Cnt                                                                R11      1
gRx0Cnt                                                                R12      1
gTx0BufIdx                                                             R13      1
gRx0Buf                                                               5BAh      8
gOldRx1Byte                                                            R14      1
gRx1Buf                                                               5C2h     20
gRx1Index                                                             5D6h      1
gRx1Step                                                              5D7h      2
gRx1_DStep                                                            5D9h      2
gFieldIdx                                                             5DBh      2
gFileByteIndex                                                        5DDh      2
gFileCheckSum                                                         5DFh      1
gRxData                                                               5E0h      1
gFrameIdx                                                             5E1h      2
TxInterval                                                            5E3h      2
gUnitD                                                                5E5h    124
*gpT_Table                                                            661h      2
*gpE_Table                                                            663h      2
*gpPg_Table                                                           665h      2
*gpDg_Table                                                           667h      2
*gpIg_Table                                                           669h      2
*gpFN_Table                                                           66Bh      2
*gpRT_Table                                                           66Dh      2
*gpPos_Table                                                          66Fh      2
Motion.PF                                                             671h      1
Motion.RIdx                                                           672h      1
Motion.AIdx                                                           673h      4
Motion.NumOfScene                                                     677h      2
Motion.NumOfwCK                                                       679h      2
Motion.wCK[0].Exist                                                   67Bh      1
Motion.wCK[0].RPgain                                                  67Ch      1
Motion.wCK[0].RDgain                                                  67Dh      1
Motion.wCK[0].RIgain                                                  67Eh      1
Motion.wCK[0].PortEn                                                  67Fh      1
Motion.wCK[0].InitPos                                                 680h      1
Motion.wCK[1].Exist                                                   681h      1
Motion.wCK[1].RPgain                                                  682h      1
Motion.wCK[1].RDgain                                                  683h      1
Motion.wCK[1].RIgain                                                  684h      1
Motion.wCK[1].PortEn                                                  685h      1
Motion.wCK[1].InitPos                                                 686h      1
Motion.wCK[2].Exist                                                   687h      1
Motion.wCK[2].RPgain                                                  688h      1
Motion.wCK[2].RDgain                                                  689h      1
Motion.wCK[2].RIgain                                                  68Ah      1
Motion.wCK[2].PortEn                                                  68Bh      1
Motion.wCK[2].InitPos                                                 68Ch      1
Motion.wCK[3].Exist                                                   68Dh      1
Motion.wCK[3].RPgain                                                  68Eh      1
Motion.wCK[3].RDgain                                                  68Fh      1
Motion.wCK[3].RIgain                                                  690h      1
Motion.wCK[3].PortEn                                                  691h      1
Motion.wCK[3].InitPos                                                 692h      1
Motion.wCK[4].Exist                                                   693h      1
Motion.wCK[4].RPgain                                                  694h      1
Motion.wCK[4].RDgain                                                  695h      1
Motion.wCK[4].RIgain                                                  696h      1
Motion.wCK[4].PortEn                                                  697h      1
Motion.wCK[4].InitPos                                                 698h      1
Motion.wCK[5].Exist                                                   699h      1
Motion.wCK[5].RPgain                                                  69Ah      1
Motion.wCK[5].RDgain                                                  69Bh      1
Motion.wCK[5].RIgain                                                  69Ch      1
Motion.wCK[5].PortEn                                                  69Dh      1
Motion.wCK[5].InitPos                                                 69Eh      1
Motion.wCK[6].Exist                                                   69Fh      1
Motion.wCK[6].RPgain                                                  6A0h      1
Motion.wCK[6].RDgain                                                  6A1h      1
Motion.wCK[6].RIgain                                                  6A2h      1
Motion.wCK[6].PortEn                                                  6A3h      1
Motion.wCK[6].InitPos                                                 6A4h      1
Motion.wCK[7].Exist                                                   6A5h      1
Motion.wCK[7].RPgain                                                  6A6h      1
Motion.wCK[7].RDgain                                                  6A7h      1
Motion.wCK[7].RIgain                                                  6A8h      1
Motion.wCK[7].PortEn                                                  6A9h      1
Motion.wCK[7].InitPos                                                 6AAh      1
Motion.wCK[8].Exist                                                   6ABh      1
Motion.wCK[8].RPgain                                                  6ACh      1
Motion.wCK[8].RDgain                                                  6ADh      1
Motion.wCK[8].RIgain                                                  6AEh      1
Motion.wCK[8].PortEn                                                  6AFh      1
Motion.wCK[8].InitPos                                                 6B0h      1
Motion.wCK[9].Exist                                                   6B1h      1
Motion.wCK[9].RPgain                                                  6B2h      1
Motion.wCK[9].RDgain                                                  6B3h      1
Motion.wCK[9].RIgain                                                  6B4h      1
Motion.wCK[9].PortEn                                                  6B5h      1
Motion.wCK[9].InitPos                                                 6B6h      1
Motion.wCK[10].Exist                                                  6B7h      1
Motion.wCK[10].RPgain                                                 6B8h      1
Motion.wCK[10].RDgain                                                 6B9h      1
Motion.wCK[10].RIgain                                                 6BAh      1
Motion.wCK[10].PortEn                                                 6BBh      1
Motion.wCK[10].InitPos                                                6BCh      1
Motion.wCK[11].Exist                                                  6BDh      1
Motion.wCK[11].RPgain                                                 6BEh      1
Motion.wCK[11].RDgain                                                 6BFh      1
Motion.wCK[11].RIgain                                                 6C0h      1
Motion.wCK[11].PortEn                                                 6C1h      1
Motion.wCK[11].InitPos                                                6C2h      1
Motion.wCK[12].Exist                                                  6C3h      1
Motion.wCK[12].RPgain                                                 6C4h      1
Motion.wCK[12].RDgain                                                 6C5h      1
Motion.wCK[12].RIgain                                                 6C6h      1
Motion.wCK[12].PortEn                                                 6C7h      1
Motion.wCK[12].InitPos                                                6C8h      1
Motion.wCK[13].Exist                                                  6C9h      1
Motion.wCK[13].RPgain                                                 6CAh      1
Motion.wCK[13].RDgain                                                 6CBh      1
Motion.wCK[13].RIgain                                                 6CCh      1
Motion.wCK[13].PortEn                                                 6CDh      1
Motion.wCK[13].InitPos                                                6CEh      1
Motion.wCK[14].Exist                                                  6CFh      1
Motion.wCK[14].RPgain                                                 6D0h      1
Motion.wCK[14].RDgain                                                 6D1h      1
Motion.wCK[14].RIgain                                                 6D2h      1
Motion.wCK[14].PortEn                                                 6D3h      1
Motion.wCK[14].InitPos                                                6D4h      1
Motion.wCK[15].Exist                                                  6D5h      1
Motion.wCK[15].RPgain                                                 6D6h      1
Motion.wCK[15].RDgain                                                 6D7h      1
Motion.wCK[15].RIgain                                                 6D8h      1
Motion.wCK[15].PortEn                                                 6D9h      1
Motion.wCK[15].InitPos                                                6DAh      1
Motion.wCK[16].Exist                                                  6DBh      1
Motion.wCK[16].RPgain                                                 6DCh      1
Motion.wCK[16].RDgain                                                 6DDh      1
Motion.wCK[16].RIgain                                                 6DEh      1
Motion.wCK[16].PortEn                                                 6DFh      1
Motion.wCK[16].InitPos                                                6E0h      1
Motion.wCK[17].Exist                                                  6E1h      1
Motion.wCK[17].RPgain                                                 6E2h      1
Motion.wCK[17].RDgain                                                 6E3h      1
Motion.wCK[17].RIgain                                                 6E4h      1
Motion.wCK[17].PortEn                                                 6E5h      1
Motion.wCK[17].InitPos                                                6E6h      1
Motion.wCK[18].Exist                                                  6E7h      1
Motion.wCK[18].RPgain                                                 6E8h      1
Motion.wCK[18].RDgain                                                 6E9h      1
Motion.wCK[18].RIgain                                                 6EAh      1
Motion.wCK[18].PortEn                                                 6EBh      1
Motion.wCK[18].InitPos                                                6ECh      1
Motion.wCK[19].Exist                                                  6EDh      1
Motion.wCK[19].RPgain                                                 6EEh      1
Motion.wCK[19].RDgain                                                 6EFh      1
Motion.wCK[19].RIgain                                                 6F0h      1
Motion.wCK[19].PortEn                                                 6F1h      1
Motion.wCK[19].InitPos                                                6F2h      1
Motion.wCK[20].Exist                                                  6F3h      1
Motion.wCK[20].RPgain                                                 6F4h      1
Motion.wCK[20].RDgain                                                 6F5h      1
Motion.wCK[20].RIgain                                                 6F6h      1
Motion.wCK[20].PortEn                                                 6F7h      1
Motion.wCK[20].InitPos                                                6F8h      1
Motion.wCK[21].Exist                                                  6F9h      1
Motion.wCK[21].RPgain                                                 6FAh      1
Motion.wCK[21].RDgain                                                 6FBh      1
Motion.wCK[21].RIgain                                                 6FCh      1
Motion.wCK[21].PortEn                                                 6FDh      1
Motion.wCK[21].InitPos                                                6FEh      1
Motion.wCK[22].Exist                                                  6FFh      1
Motion.wCK[22].RPgain                                                 700h      1
Motion.wCK[22].RDgain                                                 701h      1
Motion.wCK[22].RIgain                                                 702h      1
Motion.wCK[22].PortEn                                                 703h      1
Motion.wCK[22].InitPos                                                704h      1
Motion.wCK[23].Exist                                                  705h      1
Motion.wCK[23].RPgain                                                 706h      1
Motion.wCK[23].RDgain                                                 707h      1
Motion.wCK[23].RIgain                                                 708h      1
Motion.wCK[23].PortEn                                                 709h      1
Motion.wCK[23].InitPos                                                70Ah      1
Motion.wCK[24].Exist                                                  70Bh      1
Motion.wCK[24].RPgain                                                 70Ch      1
Motion.wCK[24].RDgain                                                 70Dh      1
Motion.wCK[24].RIgain                                                 70Eh      1
Motion.wCK[24].PortEn                                                 70Fh      1
Motion.wCK[24].InitPos                                                710h      1
Motion.wCK[25].Exist                                                  711h      1
Motion.wCK[25].RPgain                                                 712h      1
Motion.wCK[25].RDgain                                                 713h      1
Motion.wCK[25].RIgain                                                 714h      1
Motion.wCK[25].PortEn                                                 715h      1
Motion.wCK[25].InitPos                                                716h      1
Motion.wCK[26].Exist                                                  717h      1
Motion.wCK[26].RPgain                                                 718h      1
Motion.wCK[26].RDgain                                                 719h      1
Motion.wCK[26].RIgain                                                 71Ah      1
Motion.wCK[26].PortEn                                                 71Bh      1
Motion.wCK[26].InitPos                                                71Ch      1
Motion.wCK[27].Exist                                                  71Dh      1
Motion.wCK[27].RPgain                                                 71Eh      1
Motion.wCK[27].RDgain                                                 71Fh      1
Motion.wCK[27].RIgain                                                 720h      1
Motion.wCK[27].PortEn                                                 721h      1
Motion.wCK[27].InitPos                                                722h      1
Motion.wCK[28].Exist                                                  723h      1
Motion.wCK[28].RPgain                                                 724h      1
Motion.wCK[28].RDgain                                                 725h      1
Motion.wCK[28].RIgain                                                 726h      1
Motion.wCK[28].PortEn                                                 727h      1
Motion.wCK[28].InitPos                                                728h      1
Motion.wCK[29].Exist                                                  729h      1
Motion.wCK[29].RPgain                                                 72Ah      1
Motion.wCK[29].RDgain                                                 72Bh      1
Motion.wCK[29].RIgain                                                 72Ch      1
Motion.wCK[29].PortEn                                                 72Dh      1
Motion.wCK[29].InitPos                                                72Eh      1
Motion.wCK[30].Exist                                                  72Fh      1
Motion.wCK[30].RPgain                                                 730h      1
Motion.wCK[30].RDgain                                                 731h      1
Motion.wCK[30].RIgain                                                 732h      1
Motion.wCK[30].PortEn                                                 733h      1
Motion.wCK[30].InitPos                                                734h      1
Motion.FileSize                                                       735h      2
Scene.Idx                                                             737h      2
Scene.NumOfFrame                                                      739h      2
Scene.RTime                                                           73Bh      2
Scene.wCK[0].Exist                                                    73Dh      1
Scene.wCK[0].SPos                                                     73Eh      1
Scene.wCK[0].DPos                                                     73Fh      1
Scene.wCK[0].Torq                                                     740h      1
Scene.wCK[0].ExPortD                                                  741h      1
Scene.wCK[1].Exist                                                    742h      1
Scene.wCK[1].SPos                                                     743h      1
Scene.wCK[1].DPos                                                     744h      1
Scene.wCK[1].Torq                                                     745h      1
Scene.wCK[1].ExPortD                                                  746h      1
Scene.wCK[2].Exist                                                    747h      1
Scene.wCK[2].SPos                                                     748h      1
Scene.wCK[2].DPos                                                     749h      1
Scene.wCK[2].Torq                                                     74Ah      1
Scene.wCK[2].ExPortD                                                  74Bh      1
Scene.wCK[3].Exist                                                    74Ch      1
Scene.wCK[3].SPos                                                     74Dh      1
Scene.wCK[3].DPos                                                     74Eh      1
Scene.wCK[3].Torq                                                     74Fh      1
Scene.wCK[3].ExPortD                                                  750h      1
Scene.wCK[4].Exist                                                    751h      1
Scene.wCK[4].SPos                                                     752h      1
Scene.wCK[4].DPos                                                     753h      1
Scene.wCK[4].Torq                                                     754h      1
Scene.wCK[4].ExPortD                                                  755h      1
Scene.wCK[5].Exist                                                    756h      1
Scene.wCK[5].SPos                                                     757h      1
Scene.wCK[5].DPos                                                     758h      1
Scene.wCK[5].Torq                                                     759h      1
Scene.wCK[5].ExPortD                                                  75Ah      1
Scene.wCK[6].Exist                                                    75Bh      1
Scene.wCK[6].SPos                                                     75Ch      1
Scene.wCK[6].DPos                                                     75Dh      1
Scene.wCK[6].Torq                                                     75Eh      1
Scene.wCK[6].ExPortD                                                  75Fh      1
Scene.wCK[7].Exist                                                    760h      1
Scene.wCK[7].SPos                                                     761h      1
Scene.wCK[7].DPos                                                     762h      1
Scene.wCK[7].Torq                                                     763h      1
Scene.wCK[7].ExPortD                                                  764h      1
Scene.wCK[8].Exist                                                    765h      1
Scene.wCK[8].SPos                                                     766h      1
Scene.wCK[8].DPos                                                     767h      1
Scene.wCK[8].Torq                                                     768h      1
Scene.wCK[8].ExPortD                                                  769h      1
Scene.wCK[9].Exist                                                    76Ah      1
Scene.wCK[9].SPos                                                     76Bh      1
Scene.wCK[9].DPos                                                     76Ch      1
Scene.wCK[9].Torq                                                     76Dh      1
Scene.wCK[9].ExPortD                                                  76Eh      1
Scene.wCK[10].Exist                                                   76Fh      1
Scene.wCK[10].SPos                                                    770h      1
Scene.wCK[10].DPos                                                    771h      1
Scene.wCK[10].Torq                                                    772h      1
Scene.wCK[10].ExPortD                                                 773h      1
Scene.wCK[11].Exist                                                   774h      1
Scene.wCK[11].SPos                                                    775h      1
Scene.wCK[11].DPos                                                    776h      1
Scene.wCK[11].Torq                                                    777h      1
Scene.wCK[11].ExPortD                                                 778h      1
Scene.wCK[12].Exist                                                   779h      1
Scene.wCK[12].SPos                                                    77Ah      1
Scene.wCK[12].DPos                                                    77Bh      1
Scene.wCK[12].Torq                                                    77Ch      1
Scene.wCK[12].ExPortD                                                 77Dh      1
Scene.wCK[13].Exist                                                   77Eh      1
Scene.wCK[13].SPos                                                    77Fh      1
Scene.wCK[13].DPos                                                    780h      1
Scene.wCK[13].Torq                                                    781h      1
Scene.wCK[13].ExPortD                                                 782h      1
Scene.wCK[14].Exist                                                   783h      1
Scene.wCK[14].SPos                                                    784h      1
Scene.wCK[14].DPos                                                    785h      1
Scene.wCK[14].Torq                                                    786h      1
Scene.wCK[14].ExPortD                                                 787h      1
Scene.wCK[15].Exist                                                   788h      1
Scene.wCK[15].SPos                                                    789h      1
Scene.wCK[15].DPos                                                    78Ah      1
Scene.wCK[15].Torq                                                    78Bh      1
Scene.wCK[15].ExPortD                                                 78Ch      1
Scene.wCK[16].Exist                                                   78Dh      1
Scene.wCK[16].SPos                                                    78Eh      1
Scene.wCK[16].DPos                                                    78Fh      1
Scene.wCK[16].Torq                                                    790h      1
Scene.wCK[16].ExPortD                                                 791h      1
Scene.wCK[17].Exist                                                   792h      1
Scene.wCK[17].SPos                                                    793h      1
Scene.wCK[17].DPos                                                    794h      1
Scene.wCK[17].Torq                                                    795h      1
Scene.wCK[17].ExPortD                                                 796h      1
Scene.wCK[18].Exist                                                   797h      1
Scene.wCK[18].SPos                                                    798h      1
Scene.wCK[18].DPos                                                    799h      1
Scene.wCK[18].Torq                                                    79Ah      1
Scene.wCK[18].ExPortD                                                 79Bh      1
Scene.wCK[19].Exist                                                   79Ch      1
Scene.wCK[19].SPos                                                    79Dh      1
Scene.wCK[19].DPos                                                    79Eh      1
Scene.wCK[19].Torq                                                    79Fh      1
Scene.wCK[19].ExPortD                                                 7A0h      1
Scene.wCK[20].Exist                                                   7A1h      1
Scene.wCK[20].SPos                                                    7A2h      1
Scene.wCK[20].DPos                                                    7A3h      1
Scene.wCK[20].Torq                                                    7A4h      1
Scene.wCK[20].ExPortD                                                 7A5h      1
Scene.wCK[21].Exist                                                   7A6h      1
Scene.wCK[21].SPos                                                    7A7h      1
Scene.wCK[21].DPos                                                    7A8h      1
Scene.wCK[21].Torq                                                    7A9h      1
Scene.wCK[21].ExPortD                                                 7AAh      1
Scene.wCK[22].Exist                                                   7ABh      1
Scene.wCK[22].SPos                                                    7ACh      1
Scene.wCK[22].DPos                                                    7ADh      1
Scene.wCK[22].Torq                                                    7AEh      1
Scene.wCK[22].ExPortD                                                 7AFh      1
Scene.wCK[23].Exist                                                   7B0h      1
Scene.wCK[23].SPos                                                    7B1h      1
Scene.wCK[23].DPos                                                    7B2h      1
Scene.wCK[23].Torq                                                    7B3h      1
Scene.wCK[23].ExPortD                                                 7B4h      1
Scene.wCK[24].Exist                                                   7B5h      1
Scene.wCK[24].SPos                                                    7B6h      1
Scene.wCK[24].DPos                                                    7B7h      1
Scene.wCK[24].Torq                                                    7B8h      1
Scene.wCK[24].ExPortD                                                 7B9h      1
Scene.wCK[25].Exist                                                   7BAh      1
Scene.wCK[25].SPos                                                    7BBh      1
Scene.wCK[25].DPos                                                    7BCh      1
Scene.wCK[25].Torq                                                    7BDh      1
Scene.wCK[25].ExPortD                                                 7BEh      1
Scene.wCK[26].Exist                                                   7BFh      1
Scene.wCK[26].SPos                                                    7C0h      1
Scene.wCK[26].DPos                                                    7C1h      1
Scene.wCK[26].Torq                                                    7C2h      1
Scene.wCK[26].ExPortD                                                 7C3h      1
Scene.wCK[27].Exist                                                   7C4h      1
Scene.wCK[27].SPos                                                    7C5h      1
Scene.wCK[27].DPos                                                    7C6h      1
Scene.wCK[27].Torq                                                    7C7h      1
Scene.wCK[27].ExPortD                                                 7C8h      1
Scene.wCK[28].Exist                                                   7C9h      1
Scene.wCK[28].SPos                                                    7CAh      1
Scene.wCK[28].DPos                                                    7CBh      1
Scene.wCK[28].Torq                                                    7CCh      1
Scene.wCK[28].ExPortD                                                 7CDh      1
Scene.wCK[29].Exist                                                   7CEh      1
Scene.wCK[29].SPos                                                    7CFh      1
Scene.wCK[29].DPos                                                    7D0h      1
Scene.wCK[29].Torq                                                    7D1h      1
Scene.wCK[29].ExPortD                                                 7D2h      1
Scene.wCK[30].Exist                                                   7D3h      1
Scene.wCK[30].SPos                                                    7D4h      1
Scene.wCK[30].DPos                                                    7D5h      1
Scene.wCK[30].Torq                                                    7D6h      1
Scene.wCK[30].ExPortD                                                 7D7h      1
gSIdx                                                                 7D8h      2
