CodeVisionAVR C Compiler V1.24.8d Professional
(C) Copyright 1998-2006 Pavel Haiduc, HP InfoTech s.r.l.
http://www.hpinfotech.com

File: E:\Business\RoboBuilder\매뉴얼\학습서제작\학습서제작 자료\소스폴더\3-10 Maze\src\main.c
Global variables memory map:

Variable                          Address   Size
gAD_Ch_Index                                                            R4      1
gVOLTAGE                                                             R5,R6      2
gDistance                                                               R7      1
gSoundLevel                                                             R8      1
gPSD_val                                                                R9      1
gMIC_val                                                               R10      1
gAD_val                                                                R11      1
F_PF                                                                   R12      1
F_ERR_CODE                                                             R13      1
F_SCENE_PLAYING                                                       R2.0    1/8
F_ACTION_PLAYING                                                      R2.1    1/8
F_DIRECT_C_EN                                                         R2.2    1/8
F_MOTION_STOPPED                                                      R2.3    1/8
F_DOWNLOAD                                                            R2.4    1/8
F_PS_PLUGGED                                                          R2.5    1/8
F_CHARGING                                                            R2.6    1/8
F_AD_CONVERTING                                                       R2.7    1/8
F_MIC_INPUT                                                           R3.0    1/8
F_PF_CHANGED                                                          R3.1    1/8
F_IR_RECEIVED                                                         R3.2    1/8
F_FIRST_M                                                             R3.3    1/8
F_RSV_MOTION                                                          R3.4    1/8
F_RSV_SOUND_READ                                                      R3.5    1/8
F_RSV_BTN_READ                                                        R3.6    1/8
F_RSV_PSD_READ                                                        R3.7    1/8
F_EEPROM_BUSY                                                          R14      1
gTx0Buf                                                               500h    186
gTx0Cnt                                                               5BAh      1
gRx0Cnt                                                               5BBh      1
gTx0BufIdx                                                            5BCh      1
gRx0Buf                                                               5BDh      8
gRx1Buf                                                               5C5h     20
gRx1Step                                                              5D9h      2
gRx1_DStep                                                            5DBh      2
gFieldIdx                                                             5DDh      2
gFileCheckSum                                                         5DFh      1
gRxData                                                               5E0h      1
gPF1BtnCnt                                                            5E1h      2
gPF2BtnCnt                                                            5E3h      2
gPF12BtnCnt                                                           5E5h      2
gBtn_val                                                              5E7h      1
g10MSEC                                                               5E8h      2
gSEC                                                                  5EAh      1
gMIN                                                                  5EBh      1
gHOUR                                                                 5ECh      1
gSEC_DCOUNT                                                           5EDh      2
gMIN_DCOUNT                                                           5EFh      2
gPSplugCount                                                          5F1h      2
gPSunplugCount                                                        5F3h      2
gPwrLowCount                                                          5F5h      2
gIrBuf                                                                5F7h      4
gIrBitIndex                                                           5FBh      1
gAccX                                                                 5FCh      1
gAccY                                                                 5FDh      1
gAccZ                                                                 5FEh      1
gSoundMinTh                                                           5FFh      1
gFrameIdx                                                             600h      2
TxInterval                                                            602h      2
gUnitD                                                                604h    124
gLastID                                                               680h      1
*gpT_Table                                                            681h      2
*gpE_Table                                                            683h      2
*gpPg_Table                                                           685h      2
*gpDg_Table                                                           687h      2
*gpIg_Table                                                           689h      2
*gpFN_Table                                                           68Bh      2
*gpRT_Table                                                           68Dh      2
*gpPos_Table                                                          68Fh      2
Motion.RIdx                                                           691h      1
Motion.AIdx                                                           692h      4
Motion.PF                                                             696h      1
Motion.NumOfScene                                                     697h      2
Motion.NumOfwCK                                                       699h      2
Motion.wCK[0].Exist                                                   69Bh      1
Motion.wCK[0].RPgain                                                  69Ch      1
Motion.wCK[0].RDgain                                                  69Dh      1
Motion.wCK[0].RIgain                                                  69Eh      1
Motion.wCK[0].PortEn                                                  69Fh      1
Motion.wCK[0].InitPos                                                 6A0h      1
Motion.wCK[1].Exist                                                   6A1h      1
Motion.wCK[1].RPgain                                                  6A2h      1
Motion.wCK[1].RDgain                                                  6A3h      1
Motion.wCK[1].RIgain                                                  6A4h      1
Motion.wCK[1].PortEn                                                  6A5h      1
Motion.wCK[1].InitPos                                                 6A6h      1
Motion.wCK[2].Exist                                                   6A7h      1
Motion.wCK[2].RPgain                                                  6A8h      1
Motion.wCK[2].RDgain                                                  6A9h      1
Motion.wCK[2].RIgain                                                  6AAh      1
Motion.wCK[2].PortEn                                                  6ABh      1
Motion.wCK[2].InitPos                                                 6ACh      1
Motion.wCK[3].Exist                                                   6ADh      1
Motion.wCK[3].RPgain                                                  6AEh      1
Motion.wCK[3].RDgain                                                  6AFh      1
Motion.wCK[3].RIgain                                                  6B0h      1
Motion.wCK[3].PortEn                                                  6B1h      1
Motion.wCK[3].InitPos                                                 6B2h      1
Motion.wCK[4].Exist                                                   6B3h      1
Motion.wCK[4].RPgain                                                  6B4h      1
Motion.wCK[4].RDgain                                                  6B5h      1
Motion.wCK[4].RIgain                                                  6B6h      1
Motion.wCK[4].PortEn                                                  6B7h      1
Motion.wCK[4].InitPos                                                 6B8h      1
Motion.wCK[5].Exist                                                   6B9h      1
Motion.wCK[5].RPgain                                                  6BAh      1
Motion.wCK[5].RDgain                                                  6BBh      1
Motion.wCK[5].RIgain                                                  6BCh      1
Motion.wCK[5].PortEn                                                  6BDh      1
Motion.wCK[5].InitPos                                                 6BEh      1
Motion.wCK[6].Exist                                                   6BFh      1
Motion.wCK[6].RPgain                                                  6C0h      1
Motion.wCK[6].RDgain                                                  6C1h      1
Motion.wCK[6].RIgain                                                  6C2h      1
Motion.wCK[6].PortEn                                                  6C3h      1
Motion.wCK[6].InitPos                                                 6C4h      1
Motion.wCK[7].Exist                                                   6C5h      1
Motion.wCK[7].RPgain                                                  6C6h      1
Motion.wCK[7].RDgain                                                  6C7h      1
Motion.wCK[7].RIgain                                                  6C8h      1
Motion.wCK[7].PortEn                                                  6C9h      1
Motion.wCK[7].InitPos                                                 6CAh      1
Motion.wCK[8].Exist                                                   6CBh      1
Motion.wCK[8].RPgain                                                  6CCh      1
Motion.wCK[8].RDgain                                                  6CDh      1
Motion.wCK[8].RIgain                                                  6CEh      1
Motion.wCK[8].PortEn                                                  6CFh      1
Motion.wCK[8].InitPos                                                 6D0h      1
Motion.wCK[9].Exist                                                   6D1h      1
Motion.wCK[9].RPgain                                                  6D2h      1
Motion.wCK[9].RDgain                                                  6D3h      1
Motion.wCK[9].RIgain                                                  6D4h      1
Motion.wCK[9].PortEn                                                  6D5h      1
Motion.wCK[9].InitPos                                                 6D6h      1
Motion.wCK[10].Exist                                                  6D7h      1
Motion.wCK[10].RPgain                                                 6D8h      1
Motion.wCK[10].RDgain                                                 6D9h      1
Motion.wCK[10].RIgain                                                 6DAh      1
Motion.wCK[10].PortEn                                                 6DBh      1
Motion.wCK[10].InitPos                                                6DCh      1
Motion.wCK[11].Exist                                                  6DDh      1
Motion.wCK[11].RPgain                                                 6DEh      1
Motion.wCK[11].RDgain                                                 6DFh      1
Motion.wCK[11].RIgain                                                 6E0h      1
Motion.wCK[11].PortEn                                                 6E1h      1
Motion.wCK[11].InitPos                                                6E2h      1
Motion.wCK[12].Exist                                                  6E3h      1
Motion.wCK[12].RPgain                                                 6E4h      1
Motion.wCK[12].RDgain                                                 6E5h      1
Motion.wCK[12].RIgain                                                 6E6h      1
Motion.wCK[12].PortEn                                                 6E7h      1
Motion.wCK[12].InitPos                                                6E8h      1
Motion.wCK[13].Exist                                                  6E9h      1
Motion.wCK[13].RPgain                                                 6EAh      1
Motion.wCK[13].RDgain                                                 6EBh      1
Motion.wCK[13].RIgain                                                 6ECh      1
Motion.wCK[13].PortEn                                                 6EDh      1
Motion.wCK[13].InitPos                                                6EEh      1
Motion.wCK[14].Exist                                                  6EFh      1
Motion.wCK[14].RPgain                                                 6F0h      1
Motion.wCK[14].RDgain                                                 6F1h      1
Motion.wCK[14].RIgain                                                 6F2h      1
Motion.wCK[14].PortEn                                                 6F3h      1
Motion.wCK[14].InitPos                                                6F4h      1
Motion.wCK[15].Exist                                                  6F5h      1
Motion.wCK[15].RPgain                                                 6F6h      1
Motion.wCK[15].RDgain                                                 6F7h      1
Motion.wCK[15].RIgain                                                 6F8h      1
Motion.wCK[15].PortEn                                                 6F9h      1
Motion.wCK[15].InitPos                                                6FAh      1
Motion.wCK[16].Exist                                                  6FBh      1
Motion.wCK[16].RPgain                                                 6FCh      1
Motion.wCK[16].RDgain                                                 6FDh      1
Motion.wCK[16].RIgain                                                 6FEh      1
Motion.wCK[16].PortEn                                                 6FFh      1
Motion.wCK[16].InitPos                                                700h      1
Motion.wCK[17].Exist                                                  701h      1
Motion.wCK[17].RPgain                                                 702h      1
Motion.wCK[17].RDgain                                                 703h      1
Motion.wCK[17].RIgain                                                 704h      1
Motion.wCK[17].PortEn                                                 705h      1
Motion.wCK[17].InitPos                                                706h      1
Motion.wCK[18].Exist                                                  707h      1
Motion.wCK[18].RPgain                                                 708h      1
Motion.wCK[18].RDgain                                                 709h      1
Motion.wCK[18].RIgain                                                 70Ah      1
Motion.wCK[18].PortEn                                                 70Bh      1
Motion.wCK[18].InitPos                                                70Ch      1
Motion.wCK[19].Exist                                                  70Dh      1
Motion.wCK[19].RPgain                                                 70Eh      1
Motion.wCK[19].RDgain                                                 70Fh      1
Motion.wCK[19].RIgain                                                 710h      1
Motion.wCK[19].PortEn                                                 711h      1
Motion.wCK[19].InitPos                                                712h      1
Motion.wCK[20].Exist                                                  713h      1
Motion.wCK[20].RPgain                                                 714h      1
Motion.wCK[20].RDgain                                                 715h      1
Motion.wCK[20].RIgain                                                 716h      1
Motion.wCK[20].PortEn                                                 717h      1
Motion.wCK[20].InitPos                                                718h      1
Motion.wCK[21].Exist                                                  719h      1
Motion.wCK[21].RPgain                                                 71Ah      1
Motion.wCK[21].RDgain                                                 71Bh      1
Motion.wCK[21].RIgain                                                 71Ch      1
Motion.wCK[21].PortEn                                                 71Dh      1
Motion.wCK[21].InitPos                                                71Eh      1
Motion.wCK[22].Exist                                                  71Fh      1
Motion.wCK[22].RPgain                                                 720h      1
Motion.wCK[22].RDgain                                                 721h      1
Motion.wCK[22].RIgain                                                 722h      1
Motion.wCK[22].PortEn                                                 723h      1
Motion.wCK[22].InitPos                                                724h      1
Motion.wCK[23].Exist                                                  725h      1
Motion.wCK[23].RPgain                                                 726h      1
Motion.wCK[23].RDgain                                                 727h      1
Motion.wCK[23].RIgain                                                 728h      1
Motion.wCK[23].PortEn                                                 729h      1
Motion.wCK[23].InitPos                                                72Ah      1
Motion.wCK[24].Exist                                                  72Bh      1
Motion.wCK[24].RPgain                                                 72Ch      1
Motion.wCK[24].RDgain                                                 72Dh      1
Motion.wCK[24].RIgain                                                 72Eh      1
Motion.wCK[24].PortEn                                                 72Fh      1
Motion.wCK[24].InitPos                                                730h      1
Motion.wCK[25].Exist                                                  731h      1
Motion.wCK[25].RPgain                                                 732h      1
Motion.wCK[25].RDgain                                                 733h      1
Motion.wCK[25].RIgain                                                 734h      1
Motion.wCK[25].PortEn                                                 735h      1
Motion.wCK[25].InitPos                                                736h      1
Motion.wCK[26].Exist                                                  737h      1
Motion.wCK[26].RPgain                                                 738h      1
Motion.wCK[26].RDgain                                                 739h      1
Motion.wCK[26].RIgain                                                 73Ah      1
Motion.wCK[26].PortEn                                                 73Bh      1
Motion.wCK[26].InitPos                                                73Ch      1
Motion.wCK[27].Exist                                                  73Dh      1
Motion.wCK[27].RPgain                                                 73Eh      1
Motion.wCK[27].RDgain                                                 73Fh      1
Motion.wCK[27].RIgain                                                 740h      1
Motion.wCK[27].PortEn                                                 741h      1
Motion.wCK[27].InitPos                                                742h      1
Motion.wCK[28].Exist                                                  743h      1
Motion.wCK[28].RPgain                                                 744h      1
Motion.wCK[28].RDgain                                                 745h      1
Motion.wCK[28].RIgain                                                 746h      1
Motion.wCK[28].PortEn                                                 747h      1
Motion.wCK[28].InitPos                                                748h      1
Motion.wCK[29].Exist                                                  749h      1
Motion.wCK[29].RPgain                                                 74Ah      1
Motion.wCK[29].RDgain                                                 74Bh      1
Motion.wCK[29].RIgain                                                 74Ch      1
Motion.wCK[29].PortEn                                                 74Dh      1
Motion.wCK[29].InitPos                                                74Eh      1
Motion.wCK[30].Exist                                                  74Fh      1
Motion.wCK[30].RPgain                                                 750h      1
Motion.wCK[30].RDgain                                                 751h      1
Motion.wCK[30].RIgain                                                 752h      1
Motion.wCK[30].PortEn                                                 753h      1
Motion.wCK[30].InitPos                                                754h      1
Motion.FileSize                                                       755h      2
Scene.Idx                                                             757h      2
Scene.NumOfFrame                                                      759h      2
Scene.RTime                                                           75Bh      2
Scene.wCK[0].Exist                                                    75Dh      1
Scene.wCK[0].SPos                                                     75Eh      1
Scene.wCK[0].DPos                                                     75Fh      1
Scene.wCK[0].Torq                                                     760h      1
Scene.wCK[0].ExPortD                                                  761h      1
Scene.wCK[1].Exist                                                    762h      1
Scene.wCK[1].SPos                                                     763h      1
Scene.wCK[1].DPos                                                     764h      1
Scene.wCK[1].Torq                                                     765h      1
Scene.wCK[1].ExPortD                                                  766h      1
Scene.wCK[2].Exist                                                    767h      1
Scene.wCK[2].SPos                                                     768h      1
Scene.wCK[2].DPos                                                     769h      1
Scene.wCK[2].Torq                                                     76Ah      1
Scene.wCK[2].ExPortD                                                  76Bh      1
Scene.wCK[3].Exist                                                    76Ch      1
Scene.wCK[3].SPos                                                     76Dh      1
Scene.wCK[3].DPos                                                     76Eh      1
Scene.wCK[3].Torq                                                     76Fh      1
Scene.wCK[3].ExPortD                                                  770h      1
Scene.wCK[4].Exist                                                    771h      1
Scene.wCK[4].SPos                                                     772h      1
Scene.wCK[4].DPos                                                     773h      1
Scene.wCK[4].Torq                                                     774h      1
Scene.wCK[4].ExPortD                                                  775h      1
Scene.wCK[5].Exist                                                    776h      1
Scene.wCK[5].SPos                                                     777h      1
Scene.wCK[5].DPos                                                     778h      1
Scene.wCK[5].Torq                                                     779h      1
Scene.wCK[5].ExPortD                                                  77Ah      1
Scene.wCK[6].Exist                                                    77Bh      1
Scene.wCK[6].SPos                                                     77Ch      1
Scene.wCK[6].DPos                                                     77Dh      1
Scene.wCK[6].Torq                                                     77Eh      1
Scene.wCK[6].ExPortD                                                  77Fh      1
Scene.wCK[7].Exist                                                    780h      1
Scene.wCK[7].SPos                                                     781h      1
Scene.wCK[7].DPos                                                     782h      1
Scene.wCK[7].Torq                                                     783h      1
Scene.wCK[7].ExPortD                                                  784h      1
Scene.wCK[8].Exist                                                    785h      1
Scene.wCK[8].SPos                                                     786h      1
Scene.wCK[8].DPos                                                     787h      1
Scene.wCK[8].Torq                                                     788h      1
Scene.wCK[8].ExPortD                                                  789h      1
Scene.wCK[9].Exist                                                    78Ah      1
Scene.wCK[9].SPos                                                     78Bh      1
Scene.wCK[9].DPos                                                     78Ch      1
Scene.wCK[9].Torq                                                     78Dh      1
Scene.wCK[9].ExPortD                                                  78Eh      1
Scene.wCK[10].Exist                                                   78Fh      1
Scene.wCK[10].SPos                                                    790h      1
Scene.wCK[10].DPos                                                    791h      1
Scene.wCK[10].Torq                                                    792h      1
Scene.wCK[10].ExPortD                                                 793h      1
Scene.wCK[11].Exist                                                   794h      1
Scene.wCK[11].SPos                                                    795h      1
Scene.wCK[11].DPos                                                    796h      1
Scene.wCK[11].Torq                                                    797h      1
Scene.wCK[11].ExPortD                                                 798h      1
Scene.wCK[12].Exist                                                   799h      1
Scene.wCK[12].SPos                                                    79Ah      1
Scene.wCK[12].DPos                                                    79Bh      1
Scene.wCK[12].Torq                                                    79Ch      1
Scene.wCK[12].ExPortD                                                 79Dh      1
Scene.wCK[13].Exist                                                   79Eh      1
Scene.wCK[13].SPos                                                    79Fh      1
Scene.wCK[13].DPos                                                    7A0h      1
Scene.wCK[13].Torq                                                    7A1h      1
Scene.wCK[13].ExPortD                                                 7A2h      1
Scene.wCK[14].Exist                                                   7A3h      1
Scene.wCK[14].SPos                                                    7A4h      1
Scene.wCK[14].DPos                                                    7A5h      1
Scene.wCK[14].Torq                                                    7A6h      1
Scene.wCK[14].ExPortD                                                 7A7h      1
Scene.wCK[15].Exist                                                   7A8h      1
Scene.wCK[15].SPos                                                    7A9h      1
Scene.wCK[15].DPos                                                    7AAh      1
Scene.wCK[15].Torq                                                    7ABh      1
Scene.wCK[15].ExPortD                                                 7ACh      1
Scene.wCK[16].Exist                                                   7ADh      1
Scene.wCK[16].SPos                                                    7AEh      1
Scene.wCK[16].DPos                                                    7AFh      1
Scene.wCK[16].Torq                                                    7B0h      1
Scene.wCK[16].ExPortD                                                 7B1h      1
Scene.wCK[17].Exist                                                   7B2h      1
Scene.wCK[17].SPos                                                    7B3h      1
Scene.wCK[17].DPos                                                    7B4h      1
Scene.wCK[17].Torq                                                    7B5h      1
Scene.wCK[17].ExPortD                                                 7B6h      1
Scene.wCK[18].Exist                                                   7B7h      1
Scene.wCK[18].SPos                                                    7B8h      1
Scene.wCK[18].DPos                                                    7B9h      1
Scene.wCK[18].Torq                                                    7BAh      1
Scene.wCK[18].ExPortD                                                 7BBh      1
Scene.wCK[19].Exist                                                   7BCh      1
Scene.wCK[19].SPos                                                    7BDh      1
Scene.wCK[19].DPos                                                    7BEh      1
Scene.wCK[19].Torq                                                    7BFh      1
Scene.wCK[19].ExPortD                                                 7C0h      1
Scene.wCK[20].Exist                                                   7C1h      1
Scene.wCK[20].SPos                                                    7C2h      1
Scene.wCK[20].DPos                                                    7C3h      1
Scene.wCK[20].Torq                                                    7C4h      1
Scene.wCK[20].ExPortD                                                 7C5h      1
Scene.wCK[21].Exist                                                   7C6h      1
Scene.wCK[21].SPos                                                    7C7h      1
Scene.wCK[21].DPos                                                    7C8h      1
Scene.wCK[21].Torq                                                    7C9h      1
Scene.wCK[21].ExPortD                                                 7CAh      1
Scene.wCK[22].Exist                                                   7CBh      1
Scene.wCK[22].SPos                                                    7CCh      1
Scene.wCK[22].DPos                                                    7CDh      1
Scene.wCK[22].Torq                                                    7CEh      1
Scene.wCK[22].ExPortD                                                 7CFh      1
Scene.wCK[23].Exist                                                   7D0h      1
Scene.wCK[23].SPos                                                    7D1h      1
Scene.wCK[23].DPos                                                    7D2h      1
Scene.wCK[23].Torq                                                    7D3h      1
Scene.wCK[23].ExPortD                                                 7D4h      1
Scene.wCK[24].Exist                                                   7D5h      1
Scene.wCK[24].SPos                                                    7D6h      1
Scene.wCK[24].DPos                                                    7D7h      1
Scene.wCK[24].Torq                                                    7D8h      1
Scene.wCK[24].ExPortD                                                 7D9h      1
Scene.wCK[25].Exist                                                   7DAh      1
Scene.wCK[25].SPos                                                    7DBh      1
Scene.wCK[25].DPos                                                    7DCh      1
Scene.wCK[25].Torq                                                    7DDh      1
Scene.wCK[25].ExPortD                                                 7DEh      1
Scene.wCK[26].Exist                                                   7DFh      1
Scene.wCK[26].SPos                                                    7E0h      1
Scene.wCK[26].DPos                                                    7E1h      1
Scene.wCK[26].Torq                                                    7E2h      1
Scene.wCK[26].ExPortD                                                 7E3h      1
Scene.wCK[27].Exist                                                   7E4h      1
Scene.wCK[27].SPos                                                    7E5h      1
Scene.wCK[27].DPos                                                    7E6h      1
Scene.wCK[27].Torq                                                    7E7h      1
Scene.wCK[27].ExPortD                                                 7E8h      1
Scene.wCK[28].Exist                                                   7E9h      1
Scene.wCK[28].SPos                                                    7EAh      1
Scene.wCK[28].DPos                                                    7EBh      1
Scene.wCK[28].Torq                                                    7ECh      1
Scene.wCK[28].ExPortD                                                 7EDh      1
Scene.wCK[29].Exist                                                   7EEh      1
Scene.wCK[29].SPos                                                    7EFh      1
Scene.wCK[29].DPos                                                    7F0h      1
Scene.wCK[29].Torq                                                    7F1h      1
Scene.wCK[29].ExPortD                                                 7F2h      1
Scene.wCK[30].Exist                                                   7F3h      1
Scene.wCK[30].SPos                                                    7F4h      1
Scene.wCK[30].DPos                                                    7F5h      1
Scene.wCK[30].Torq                                                    7F6h      1
Scene.wCK[30].ExPortD                                                 7F7h      1
gScIdx                                                                7F8h      2
gPoseDelta                                                            7FAh     62
gDownNumOfM                                                           838h      1
gDownNumOfA                                                           839h      1
Sound_Length                                                          83Ah     50
